// Jest Snapshot v1, https://goo.gl/fbAQLP

exports[`TripList displays correctly 1`] = `
<div>
  <div
    className="MuiGrid-root MuiGrid-container MuiGrid-spacing-xs-2"
    id="trips"
    style={
      Object {
        "left": "10%",
        "position": "absolute",
        "top": "10%",
      }
    }
  >
    <div
      className="MuiGrid-root MuiGrid-item"
      id="tripItem"
    >
      <div
        className="MuiPaper-root MuiCard-root makeStyles-root-1 MuiPaper-elevation1 MuiPaper-rounded"
      >
        <div
          className="MuiCardHeader-root"
        >
          <div
            className="MuiCardHeader-content"
          >
            <span
              className="MuiTypography-root MuiCardHeader-title MuiTypography-h5 MuiTypography-displayBlock"
            >
              London Trip
            </span>
            <span
              className="MuiTypography-root MuiCardHeader-subheader MuiTypography-body1 MuiTypography-colorTextSecondary MuiTypography-displayBlock"
            >
              Fri Aug 07 2020 - Mon Aug 10 2020
            </span>
          </div>
        </div>
        <img
          className="MuiCardMedia-root makeStyles-media-2 MuiCardMedia-media MuiCardMedia-img"
          src="https://www.state.gov/wp-content/uploads/2019/04/Japan-2107x1406.jpg"
        />
        <div
          className="MuiCardContent-root"
        >
          <p
            className="MuiTypography-root MuiTypography-body2 MuiTypography-gutterBottom"
          >
            A trip to London
          </p>
        </div>
        <div
          className="MuiCardActions-root MuiCardActions-spacing"
        >
          <button
            className="MuiButtonBase-root MuiButton-root MuiButton-text MuiButton-textSizeSmall MuiButton-sizeSmall"
            disabled={false}
            onBlur={[Function]}
            onDragLeave={[Function]}
            onFocus={[Function]}
            onKeyDown={[Function]}
            onKeyUp={[Function]}
            onMouseDown={[Function]}
            onMouseLeave={[Function]}
            onMouseUp={[Function]}
            onTouchEnd={[Function]}
            onTouchMove={[Function]}
            onTouchStart={[Function]}
            tabIndex={0}
            type="button"
          >
            <span
              className="MuiButton-label"
            >
              Share
            </span>
            <span
              className="MuiTouchRipple-root"
            />
          </button>
          <button
            className="MuiButtonBase-root MuiButton-root MuiButton-text MuiButton-textSizeSmall MuiButton-sizeSmall"
            disabled={false}
            onBlur={[Function]}
            onClick={[Function]}
            onDragLeave={[Function]}
            onFocus={[Function]}
            onKeyDown={[Function]}
            onKeyUp={[Function]}
            onMouseDown={[Function]}
            onMouseLeave={[Function]}
            onMouseUp={[Function]}
            onTouchEnd={[Function]}
            onTouchMove={[Function]}
            onTouchStart={[Function]}
            tabIndex={0}
            type="button"
          >
            <span
              className="MuiButton-label"
            >
              Open
            </span>
            <span
              className="MuiTouchRipple-root"
            />
          </button>
          <button
            className="MuiButtonBase-root MuiButton-root MuiButton-text MuiButton-textSizeSmall MuiButton-sizeSmall"
            disabled={false}
            onBlur={[Function]}
            onClick={[Function]}
            onDragLeave={[Function]}
            onFocus={[Function]}
            onKeyDown={[Function]}
            onKeyUp={[Function]}
            onMouseDown={[Function]}
            onMouseLeave={[Function]}
            onMouseUp={[Function]}
            onTouchEnd={[Function]}
            onTouchMove={[Function]}
            onTouchStart={[Function]}
            tabIndex={0}
            type="button"
          >
            <span
              className="MuiButton-label"
            >
              Delete
            </span>
            <span
              className="MuiTouchRipple-root"
            />
          </button>
        </div>
      </div>
    </div>
    <div
      className="MuiGrid-root MuiGrid-item"
    >
      <div
        className="MuiPaper-root MuiCard-root makeStyles-root-3 MuiPaper-elevation1 MuiPaper-rounded"
      >
        <div>
          <svg
            aria-hidden={true}
            className="MuiSvgIcon-root"
            focusable="false"
            onClick={[Function]}
            style={
              Object {
                "fontSize": "100",
                "justify": "center",
                "left": "110px",
                "position": "relative",
                "top": "150px",
              }
            }
            viewBox="0 0 24 24"
          >
            <path
              d="M19 13h-6v6h-2v-6H5v-2h6V5h2v6h6v2z"
            />
          </svg>
          <div
            aria-hidden={true}
            className="MuiBackdrop-root makeStyles-backdrop-5"
            style={
              Object {
                "opacity": 0,
                "visibility": "hidden",
              }
            }
          />
        </div>
      </div>
    </div>
  </div>
</div>
`;
